// Jest Snapshot v1, https://goo.gl/fbAQLP

exports[`Spinner component 1`] = `
.c0 {
  border-color: currentColor;
  border-style: solid;
  border-radius: full;
  border-width: 2px;
  border-left-color: transparent;
  border-bottom-color: transparent;
  display: inline-block;
  width: 1.6rem;
  height: 1.6rem;
  -webkit-animation: cilQsd 0.5s linear infinite;
  animation: cilQsd 0.5s linear infinite;
}

<div
  className="c0"
  display="inline-block"
  height="1.6rem"
  speed="0.5s"
  width="1.6rem"
/>
`;
